%!Adobe-FontList 1.22
%Locale:0x41f

%BeginFont
Handler:DirectoryHandler
FontType:Type1
FontName:HelveticaNeueLTPro-Md
FamilyName:Helvetica Neue LT Pro
StyleName:65 Medium
FullName:Helvetica Neue LT Pro 65 Medium
MenuName:HelveticaNeueLT Pro 65 Md
StyleBits:0
WritingScript:Roman
OutlineFileName:D:\Masaüstü\KATALOG_2021_ENG\Makine Katalog_2021_ENG Klasörü\Document fonts\HelveticaNeueLTPro-Md.otf
DataFormat:sfntData
UsesStandardEncoding:yes
isCFF:yes
hasSVG:no
VariableFontType:NonVariableFont
FileLength:42076
FileModTime:1128818308
WeightClass:500
WidthClass:5
AngleClass:0
NameArray:0,Mac,18,HelveticaNeueLT Pro 65 Md
NameArray:0,Mac,4,Helvetica Neue LT Pro 65 Medium
NameArray:0,Win,1,HelveticaNeueLT Pro 65 Md
NameArray:0,Win,16,Helvetica Neue LT Pro
%EndFont

%BeginFont
Handler:DirectoryHandler
FontType:Type1
FontName:MinionPro-Regular
FamilyName:Minion Pro
StyleName:Regular
FullName:Minion Pro
MenuName:Minion Pro
StyleBits:0
WritingScript:Roman
OutlineFileName:D:\Masaüstü\KATALOG_2021_ENG\Makine Katalog_2021_ENG Klasörü\Document fonts\MinionPro-Regular.otf
DataFormat:sfntData
UsesStandardEncoding:yes
isCFF:yes
hasSVG:no
VariableFontType:NonVariableFont
FileLength:218640
FileModTime:1636479854
WeightClass:400
WidthClass:5
AngleClass:0
DesignSize:110
NameArray:0,Mac,4,Minion Pro
NameArray:0,Win,1,Minion Pro
%EndFont

%BeginFont
Handler:DirectoryHandler
FontType:TrueType
FontName:ArialMT
FamilyName:Arial
StyleName:Regular
FullName:Arial
MenuName:Arial
StyleBits:0
WritingScript:Roman
OutlineFileName:D:\Masaüstü\KATALOG_2021_ENG\Makine Katalog_2021_ENG Klasörü\Document fonts\arial.ttf
DataFormat:sfntData
hasSVG:no
VariableFontType:NonVariableFont
FileLength:1036584
FileModTime:1575709706
WeightClass:400
WidthClass:5
AngleClass:0
NameArray:0,Mac,4,Arial
NameArray:0,Win,1,Arial
%EndFont

%BeginFont
Handler:DirectoryHandler
FontType:TrueType
FontName:Calibri
FamilyName:Calibri
StyleName:Regular
FullName:Calibri
MenuName:Calibri
StyleBits:0
WritingScript:Roman
OutlineFileName:D:\Masaüstü\KATALOG_2021_ENG\Makine Katalog_2021_ENG Klasörü\Document fonts\calibri.ttf
DataFormat:sfntData
hasSVG:no
VariableFontType:NonVariableFont
FileLength:1648120
FileModTime:1575709706
WeightClass:400
WidthClass:5
AngleClass:0
NameArray:0,Mac,4,Calibri
NameArray:0,Win,1,Calibri
%EndFont

%BeginFont
Handler:DirectoryHandler
FontType:TrueType
FontName:Calibri-Bold
FamilyName:Calibri
StyleName:Bold
FullName:Calibri Bold
MenuName:Calibri
StyleBits:2
WritingScript:Roman
OutlineFileName:D:\Masaüstü\KATALOG_2021_ENG\Makine Katalog_2021_ENG Klasörü\Document fonts\calibrib.ttf
DataFormat:sfntData
hasSVG:no
VariableFontType:NonVariableFont
FileLength:1613668
FileModTime:1575709706
WeightClass:700
WidthClass:5
AngleClass:0
NameArray:0,Mac,4,Calibri Bold
NameArray:0,Win,1,Calibri
%EndFont

%BeginFont
Handler:DirectoryHandler
FontType:TrueType
FontName:Calibri-Light
FamilyName:Calibri
StyleName:Light
FullName:Calibri Light
MenuName:Calibri Light
StyleBits:0
WritingScript:Roman
OutlineFileName:D:\Masaüstü\KATALOG_2021_ENG\Makine Katalog_2021_ENG Klasörü\Document fonts\calibril.ttf
DataFormat:sfntData
hasSVG:no
VariableFontType:NonVariableFont
FileLength:1438808
FileModTime:1575709706
WeightClass:300
WidthClass:5
AngleClass:0
NameArray:0,Mac,18,Calibri Light
NameArray:0,Mac,4,Calibri Light
NameArray:0,Win,1,Calibri Light
NameArray:0,Win,16,Calibri
%EndFont

%BeginFont
Handler:DirectoryHandler
FontType:TrueType
FontName:MVBoli
FamilyName:MV Boli
StyleName:Regular
FullName:MV Boli
MenuName:MV Boli
StyleBits:0
WritingScript:Roman
OutlineFileName:D:\Masaüstü\KATALOG_2021_ENG\Makine Katalog_2021_ENG Klasörü\Document fonts\mvboli.ttf
DataFormat:sfntData
hasSVG:no
VariableFontType:NonVariableFont
FileLength:78272
FileModTime:1575709707
WeightClass:400
WidthClass:5
AngleClass:1
NameArray:0,Mac,4,MV Boli
NameArray:0,Win,1,MV Boli
%EndFont

%BeginFont
Handler:DirectoryHandler
FontType:TrueType
FontName:Verdana
FamilyName:Verdana
StyleName:Regular
FullName:Verdana
MenuName:Verdana
StyleBits:0
WritingScript:Roman
OutlineFileName:D:\Masaüstü\KATALOG_2021_ENG\Makine Katalog_2021_ENG Klasörü\Document fonts\verdana.ttf
DataFormat:sfntData
hasSVG:no
VariableFontType:NonVariableFont
FileLength:243304
FileModTime:1575709707
WeightClass:400
WidthClass:5
AngleClass:0
NameArray:0,Mac,4,Verdana
NameArray:0,Win,1,Verdana
%EndFont

